// Jest Snapshot v1, https://goo.gl/fbAQLP

exports[`Should render LoginPage 1`] = `
<div>
  <h1>
    Login to use the app
  </h1>
  <button>
    Login
  </button>
</div>
`;
